    ┌────┐ ┌─────────────────────────────────────────────────────┬───────┐
    │ 🎨 │ │ summary                                             │ 10/50 │ Amend
    └────┘ └─────────────────────────────────────────────────────┴───────┘