    ┌────┐ ┌─────────────────────────────────────────────────────┐
    │ 🎨 │ │                                                     │  3/50 ● Amend
    └────┘ └─────────────────────────────────────────────────────┘