    ┌────┐ ┌─────────────────────────────────────────────────────┐
    │    │ │ summary                                             │  7/50 ● Amend
    └────┘ └─────────────────────────────────────────────────────┘