    ┌────┐ ┌─────────────────────────────────────────────────────┐
    │    │ │                                                     │  0/50   ● New
    └────┘ └─────────────────────────────────────────────────────┘