    ┌────┐ ┌─────────────────────────────────────────────────────────────┐
    │    │ │                                                             │  0/50
    └────┘ └─────────────────────────────────────────────────────────────┘

    ┌──────────────────────────────────────────────────────────────────────────┐
    │? Choose an emoji: test test test                                       ● │
    │No items found.                                                           │
    │                                                                          │
    │                                                                          │
    │                                                                          │
    │                                                                          │
    │                                                                          │
    │                                                                          │
    │                                                                          │
    │                                                                          │
    └──────────────────────────────────────────────────────────────────────────┘