    ┌────┐ ┌─────────────────────────────────────────────────────┬───────┐
    │    │ │ placeholder                                         │  0/50 │   New
    └────┘ └─────────────────────────────────────────────────────┴───────┘