    ┌────┐ ┌─────────────────────────────────────────────────────┐
    │    │ │ *                                                   │  1/50   ● New
    └────┘ └─────────────────────────────────────────────────────┘