    ┌────┐ ┌─────────────────────────────────────────────────────┐
    │    │ │ 🎨 text                                             │  9/50   ● New
    └────┘ └─────────────────────────────────────────────────────┘