    ┌────┐ ┌─────────────────────────────────────────────────────┐
    │    │ │ *****                                               │  5/50   ● New
    └────┘ └─────────────────────────────────────────────────────┘