    ┌────┐ ┌─────────────────────────────────────────────────────┬───────┐
    │    │ │ **************************************************  │ 51/50 │   New
    └────┘ └─────────────────────────────────────────────────────┴───────┘