    ┌────┐ ┌─────────────────────────────────────────────────────┐
    │    │ │ test                                                │  4/50   ● New
    └────┘ └─────────────────────────────────────────────────────┘