    ┌────┐ ┌─────────────────────────────────────────────────────┐
    │    │ │ **************************************************  │ 50/50   ● New
    └────┘ └─────────────────────────────────────────────────────┘