    ┌────┐ ┌─────────────────────────────────────────────────────┬───────┐
    │    │ │ 🎨                                                  │  4/50 │   New
    └────┘ └─────────────────────────────────────────────────────┴───────┘