    ┌────┐ ┌─────────────────────────────────────────────────────┐
    │    │ │ *****************************************           │ 41/50   ● New
    └────┘ └─────────────────────────────────────────────────────┘