    ┌────┐ ┌─────────────────────────────────────────────────────┐
    │    │ │ ****************************************            │ 40/50   ● New
    └────┘ └─────────────────────────────────────────────────────┘