    ┌────┐ ┌─────────────────────────────────────────────────────┬───────┐
    │    │ │ **************************************************  │ 72/50 │   New
    └────┘ └─────────────────────────────────────────────────────┴───────┘