 Alt + <enter> Commit <a> Amend <l> Load <s> Sign-off
Ctrl +     <c> Cancel <h> Help
