 Alt + <enter> Commit <s> Sign-off </> Help                           Exit <esc>
Ctrl +     <c> Cancel
