 Alt + <enter> Commit <a> Amend <s> Sign-off </> Help         next <tab>
Ctrl +     <c> Cancel
