 Alt + <enter> Commit <a> Amend <l> Load <s> Sign-off         next <tab>
Ctrl +     <c> Cancel <h> Help                            previous <tab> + Shift
