 Alt + <enter> Commit <a> Amend <s> Sign-off </> Help
Ctrl +     <c> Cancel                                     previous <tab> + Shift
