      Signed-off-by: John Doe <john.doe@example.com>
