commit 1 (HEAD -> master)
author: John Doe <john.doe@example.com>
date:   Sat Jan 1 01:00:00 2022 +0000

    ┌──────────────────────────────────────────────────────────────────────────┐
    │ Global                           Emoji                                   │
    │                                                                          │
    │ Commit               alt+enter   Clear emoji     delete                  │
    │ Toggle sign-off      alt+s       Reset filter    escape                  │
    │ Toggle theme         alt+t       Next page       page down               │
    │ Help                 alt+/       Previous page   page up                 │
    │ Focus author         alt+1                                               │
    │ Focus emoji          alt+2                                               │
    │ Focus summary        alt+3                                               │
    │ Focus body           alt+4                                               │
    │ Cancel               ctrl+c                                              │
    │ Next component       tab                                                 │
    │ Previous component   shift+tab                                           │
    │                                                                          │
    │                                                                          │
    │                                                                          │
    │                                                                          │
    │                                                                          │
    │                                                                          │
    │                                                                          │
    │                                                                          │
    │                                                                          │
    │                                                                          │
    └──────────────────────────────────────────────────────────────────────────┘

 Alt + <enter> Commit <a> Amend <l> Load <s> Sign-off                 Exit <esc>
Ctrl +     <c> Cancel <h> Help
