commit 1 (HEAD -> master)
author: John Doe <john.doe@example.com>
date:   Sat Jan 1 01:00:00 2022 +0000

    ┌────┐ ┌─────────────────────────────────────────────────────┐
    │    │ │ test                                                │  4/50 ● Amend
    └────┘ └─────────────────────────────────────────────────────┘

    ┌──────────────────────────────────────────────────────────────────────────┐
    │ test                                                                     │
    │                                                                          │
    │                                                                          │
    │                                                                          │
    │                                                                          │
    │                                                                          │
    │                                                                          │
    │                                                                          │
    │                                                                          │
    │                                                                          │
    │                                                                          │
    │                                                                          │
    │                                                                          │
    │                                                                          │
    │                                                                          │
    │                                                                          │
    │                                                                          │
    │                                                                          │
    │                                                                          │
    └──────────────────────────────────────────────────────────────────────────┘

 Alt + <enter> Commit <a> Amend <s> Sign-off
Ctrl +     <c> Cancel <h> Help                             Summary <tab> + Shift
