Error: unknown flag: --invalid
Usage:
  hook [flags]

Flags:
      --install     Install Git hook
      --uninstall   Uninstall Git hook
  -h, --help        help for hook

