                                                               test1 <t1> + Test
                                                               test2 <t2>
