                                                              test1 <t1> + Test1
                                                              test2 <t2> + Test2
