commit 1 (HEAD -> master)
author: John Doe <jd@example.net>
date:   Sat Jan 1 01:00:00 2022 +0000

    ┌──────────────────────────────────────────────────────────────────────────┐
    │? Choose an author:                                                     ● │
    │❯ John Doe <jd@example.net>                                               │
    │  John Doe <john.doe@example.com>                                         │
    │                                                                          │
    └──────────────────────────────────────────────────────────────────────────┘
