commit 1 (HEAD -> master)
author:  <>
date:   Sat Jan 1 01:00:00 2022 +0000
